<?xml version="1.0" encoding="utf-8"?><testsuites name="pytest tests"><testsuite name="pytest" errors="0" failures="0" skipped="0" tests="35" time="1.054" timestamp="2026-04-12T06:46:34.388317-04:00" hostname="Jambione"><testcase classname="tests.test_validate_carryforward_state.ValidateCarryForwardStateTests" name="test_validator_fails_when_source_commit_invalid" time="0.068" /><testcase classname="tests.test_validate_carryforward_state.ValidateCarryForwardStateTests" name="test_validator_fails_when_source_mission_missing" time="0.065" /><testcase classname="tests.test_validate_carryforward_state.ValidateCarryForwardStateTests" name="test_validator_passes_with_valid_provenance" time="0.072" /><testcase classname="tests.test_validate_mission_manifests.ValidateMissionManifestTests" name="test_validator_fails_when_replay_hash_is_invalid" time="0.075" /><testcase classname="tests.test_validate_mission_manifests.ValidateMissionManifestTests" name="test_validator_fails_when_wave_gate_sha_does_not_match_upstream" time="0.077" /><testcase classname="tests.test_validate_mission_manifests.ValidateMissionManifestTests" name="test_validator_passes_with_valid_json_execution_plan" time="0.076" /><testcase classname="tests.test_validate_workspace.ValidateWorkspaceTests" name="test_ci_core_passes_on_valid_fixture" time="0.216" /><testcase classname="tests.test_validate_workspace.ValidateWorkspaceTests" name="test_fails_on_status_path_drift" time="0.078" /><testcase classname="tests.test_validate_workspace.ValidateWorkspaceTests" name="test_fails_when_index_missing_top_level_doc" time="0.082" /><testcase classname="tests.test_validate_workspace.ValidateWorkspaceTests" name="test_pending_section_backtick_does_not_satisfy_index_check" time="0.084" /><testcase classname="tests.test_workspace_config.TestNormalizeConfigPath" name="test_resolves_relative_path_under_root" time="0.001" /><testcase classname="tests.test_workspace_config.TestNormalizeConfigPath" name="test_returns_absolute_path_unchanged" time="0.002" /><testcase classname="tests.test_workspace_config.TestNormalizeConfigPath" name="test_returns_default_path_when_empty_string" time="0.001" /><testcase classname="tests.test_workspace_config.TestNormalizeConfigPath" name="test_returns_default_path_when_no_config_path" time="0.001" /><testcase classname="tests.test_workspace_config.TestLoadWorkspaceConfig" name="test_absolute_config_path_found_outside_root" time="0.003" /><testcase classname="tests.test_workspace_config.TestLoadWorkspaceConfig" name="test_explicit_config_path_overrides_default" time="0.002" /><testcase classname="tests.test_workspace_config.TestLoadWorkspaceConfig" name="test_raises_value_error_when_top_level_is_list" time="0.003" /><testcase classname="tests.test_workspace_config.TestLoadWorkspaceConfig" name="test_raises_value_error_when_top_level_is_string" time="0.004" /><testcase classname="tests.test_workspace_config.TestLoadWorkspaceConfig" name="test_returns_empty_dict_when_file_absent" time="0.001" /><testcase classname="tests.test_workspace_config.TestLoadWorkspaceConfig" name="test_returns_parsed_dict_when_file_present" time="0.003" /><testcase classname="tests.test_workspace_config.TestGetNested" name="test_retrieves_deeply_nested_value" time="0.001" /><testcase classname="tests.test_workspace_config.TestGetNested" name="test_retrieves_value_at_single_key" time="0.001" /><testcase classname="tests.test_workspace_config.TestGetNested" name="test_returns_default_for_missing_top_level_key" time="0.000" /><testcase classname="tests.test_workspace_config.TestGetNested" name="test_returns_default_when_intermediate_key_absent" time="0.000" /><testcase classname="tests.test_workspace_config.TestGetNested" name="test_returns_default_when_intermediate_value_is_not_dict" time="0.001" /><testcase classname="tests.test_workspace_config.TestGetNested" name="test_returns_falsy_value_correctly" time="0.000" /><testcase classname="tests.test_workspace_config.TestGetNested" name="test_returns_none_default_explicitly" time="0.001" /><testcase classname="tests.test_workspace_config.TestGetNested" name="test_returns_zero_correctly" time="0.001" /><testcase classname="tests.test_workspace_config.TestGetRelPath" name="test_returns_default_when_key_missing_in_paths" time="0.001" /><testcase classname="tests.test_workspace_config.TestGetRelPath" name="test_returns_default_when_paths_section_missing" time="0.001" /><testcase classname="tests.test_workspace_config.TestGetRelPath" name="test_returns_default_when_value_is_empty_string" time="0.001" /><testcase classname="tests.test_workspace_config.TestGetRelPath" name="test_returns_default_when_value_is_not_a_string" time="0.000" /><testcase classname="tests.test_workspace_config.TestGetRelPath" name="test_returns_default_when_value_is_whitespace_only" time="0.000" /><testcase classname="tests.test_workspace_config.TestGetRelPath" name="test_returns_path_from_config" time="0.000" /><testcase classname="tests.test_workspace_config.TestGetRelPath" name="test_strips_whitespace_from_value" time="0.001" /></testsuite></testsuites>